Archive member included because of file (symbol)

c:/freescale/kds_v3/toolchain/bin/../lib/gcc/arm-none-eabi/4.8.4/armv6-m\libgcc.a(_udivsi3.o)
                              ./Sources/uart.o (__aeabi_uidiv)
c:/freescale/kds_v3/toolchain/bin/../lib/gcc/arm-none-eabi/4.8.4/armv6-m\libgcc.a(_divsi3.o)
                              ./Sources/logger.o (__aeabi_idiv)
c:/freescale/kds_v3/toolchain/bin/../lib/gcc/arm-none-eabi/4.8.4/armv6-m\libgcc.a(_dvmd_tls.o)
                              c:/freescale/kds_v3/toolchain/bin/../lib/gcc/arm-none-eabi/4.8.4/armv6-m\libgcc.a(_udivsi3.o) (__aeabi_idiv0)
c:/freescale/kds_v3/toolchain/bin/../lib/gcc/arm-none-eabi/4.8.4/armv6-m\libgcc.a(_arm_cmpsf2.o)
                              ./Sources/logger.o (__aeabi_fcmpeq)
c:/freescale/kds_v3/toolchain/bin/../lib/gcc/arm-none-eabi/4.8.4/armv6-m\libgcc.a(addsf3.o)
                              ./Sources/ds1631.o (__aeabi_fadd)
c:/freescale/kds_v3/toolchain/bin/../lib/gcc/arm-none-eabi/4.8.4/armv6-m\libgcc.a(divsf3.o)
                              ./Sources/ds1631.o (__aeabi_fdiv)
c:/freescale/kds_v3/toolchain/bin/../lib/gcc/arm-none-eabi/4.8.4/armv6-m\libgcc.a(eqsf2.o)
                              c:/freescale/kds_v3/toolchain/bin/../lib/gcc/arm-none-eabi/4.8.4/armv6-m\libgcc.a(_arm_cmpsf2.o) (__eqsf2)
c:/freescale/kds_v3/toolchain/bin/../lib/gcc/arm-none-eabi/4.8.4/armv6-m\libgcc.a(gesf2.o)
                              c:/freescale/kds_v3/toolchain/bin/../lib/gcc/arm-none-eabi/4.8.4/armv6-m\libgcc.a(_arm_cmpsf2.o) (__gesf2)
c:/freescale/kds_v3/toolchain/bin/../lib/gcc/arm-none-eabi/4.8.4/armv6-m\libgcc.a(lesf2.o)
                              c:/freescale/kds_v3/toolchain/bin/../lib/gcc/arm-none-eabi/4.8.4/armv6-m\libgcc.a(_arm_cmpsf2.o) (__lesf2)
c:/freescale/kds_v3/toolchain/bin/../lib/gcc/arm-none-eabi/4.8.4/armv6-m\libgcc.a(mulsf3.o)
                              ./Sources/ds1631.o (__aeabi_fmul)
c:/freescale/kds_v3/toolchain/bin/../lib/gcc/arm-none-eabi/4.8.4/armv6-m\libgcc.a(floatsisf.o)
                              ./Sources/ds1631.o (__aeabi_i2f)
c:/freescale/kds_v3/toolchain/bin/../lib/gcc/arm-none-eabi/4.8.4/armv6-m\libgcc.a(_clzsi2.o)
                              c:/freescale/kds_v3/toolchain/bin/../lib/gcc/arm-none-eabi/4.8.4/armv6-m\libgcc.a(addsf3.o) (__clzsi2)
c:/freescale/kds_v3/toolchain/bin/../lib/gcc/arm-none-eabi/4.8.4/../../../../arm-none-eabi/lib/armv6-m\libg_s.a(lib_a-exit.o)
                              c:/freescale/kds_v3/toolchain/bin/../lib/gcc/arm-none-eabi/4.8.4/../../../../arm-none-eabi/lib/armv6-m/crt0.o (exit)
c:/freescale/kds_v3/toolchain/bin/../lib/gcc/arm-none-eabi/4.8.4/../../../../arm-none-eabi/lib/armv6-m\libg_s.a(lib_a-impure.o)
                              c:/freescale/kds_v3/toolchain/bin/../lib/gcc/arm-none-eabi/4.8.4/../../../../arm-none-eabi/lib/armv6-m\libg_s.a(lib_a-exit.o) (_global_impure_ptr)
c:/freescale/kds_v3/toolchain/bin/../lib/gcc/arm-none-eabi/4.8.4/../../../../arm-none-eabi/lib/armv6-m\libg_s.a(lib_a-init.o)
                              c:/freescale/kds_v3/toolchain/bin/../lib/gcc/arm-none-eabi/4.8.4/../../../../arm-none-eabi/lib/armv6-m/crt0.o (__libc_init_array)
c:/freescale/kds_v3/toolchain/bin/../lib/gcc/arm-none-eabi/4.8.4/../../../../arm-none-eabi/lib/armv6-m\libg_s.a(lib_a-memset.o)
                              c:/freescale/kds_v3/toolchain/bin/../lib/gcc/arm-none-eabi/4.8.4/../../../../arm-none-eabi/lib/armv6-m/crt0.o (memset)
c:/freescale/kds_v3/toolchain/bin/../lib/gcc/arm-none-eabi/4.8.4/../../../../arm-none-eabi/lib/armv6-m\libnosys.a(_exit.o)
                              c:/freescale/kds_v3/toolchain/bin/../lib/gcc/arm-none-eabi/4.8.4/../../../../arm-none-eabi/lib/armv6-m\libg_s.a(lib_a-exit.o) (_exit)

Allocating common symbols
Common symbol       size              file

packet_byte         0x1               ./Sources/nvic.o

Discarded input sections

 .text          0x00000000        0x0 c:/freescale/kds_v3/toolchain/bin/../lib/gcc/arm-none-eabi/4.8.4/armv6-m/crti.o
 .data          0x00000000        0x0 c:/freescale/kds_v3/toolchain/bin/../lib/gcc/arm-none-eabi/4.8.4/armv6-m/crti.o
 .bss           0x00000000        0x0 c:/freescale/kds_v3/toolchain/bin/../lib/gcc/arm-none-eabi/4.8.4/armv6-m/crti.o
 .data          0x00000000        0x4 c:/freescale/kds_v3/toolchain/bin/../lib/gcc/arm-none-eabi/4.8.4/armv6-m/crtbegin.o
 .data          0x00000000        0x0 c:/freescale/kds_v3/toolchain/bin/../lib/gcc/arm-none-eabi/4.8.4/../../../../arm-none-eabi/lib/armv6-m/crt0.o
 .bss           0x00000000        0x0 c:/freescale/kds_v3/toolchain/bin/../lib/gcc/arm-none-eabi/4.8.4/../../../../arm-none-eabi/lib/armv6-m/crt0.o
 .ARM.extab     0x00000000        0x0 c:/freescale/kds_v3/toolchain/bin/../lib/gcc/arm-none-eabi/4.8.4/../../../../arm-none-eabi/lib/armv6-m/crt0.o
 .group         0x00000000        0x8 ./Sources/I2C.o
 .group         0x00000000        0x8 ./Sources/I2C.o
 .group         0x00000000        0x8 ./Sources/I2C.o
 .group         0x00000000        0x8 ./Sources/I2C.o
 .group         0x00000000        0x8 ./Sources/I2C.o
 .group         0x00000000        0x8 ./Sources/I2C.o
 .group         0x00000000        0x8 ./Sources/I2C.o
 .group         0x00000000        0x8 ./Sources/I2C.o
 .group         0x00000000        0x8 ./Sources/I2C.o
 .group         0x00000000        0x8 ./Sources/I2C.o
 .group         0x00000000        0x8 ./Sources/I2C.o
 .group         0x00000000        0x8 ./Sources/I2C.o
 .group         0x00000000        0x8 ./Sources/I2C.o
 .group         0x00000000        0x8 ./Sources/I2C.o
 .group         0x00000000        0x8 ./Sources/I2C.o
 .group         0x00000000        0x8 ./Sources/I2C.o
 .text          0x00000000        0x0 ./Sources/I2C.o
 .data          0x00000000        0x0 ./Sources/I2C.o
 .bss           0x00000000        0x0 ./Sources/I2C.o
 .text.I2C_Give_ACK
                0x00000000       0x20 ./Sources/I2C.o
 .text.I2C_Deinit_Accel
                0x00000000       0x30 ./Sources/I2C.o
 .text.I2C_Deinit_Temp
                0x00000000       0x30 ./Sources/I2C.o
 .group         0x00000000        0x8 ./Sources/accelerometer.o
 .group         0x00000000        0x8 ./Sources/accelerometer.o
 .group         0x00000000        0x8 ./Sources/accelerometer.o
 .group         0x00000000        0x8 ./Sources/accelerometer.o
 .group         0x00000000        0x8 ./Sources/accelerometer.o
 .group         0x00000000        0x8 ./Sources/accelerometer.o
 .group         0x00000000        0x8 ./Sources/accelerometer.o
 .group         0x00000000        0x8 ./Sources/accelerometer.o
 .group         0x00000000        0x8 ./Sources/accelerometer.o
 .group         0x00000000        0x8 ./Sources/accelerometer.o
 .group         0x00000000        0x8 ./Sources/accelerometer.o
 .group         0x00000000        0x8 ./Sources/accelerometer.o
 .group         0x00000000        0x8 ./Sources/accelerometer.o
 .group         0x00000000        0x8 ./Sources/accelerometer.o
 .group         0x00000000        0x8 ./Sources/accelerometer.o
 .group         0x00000000        0x8 ./Sources/accelerometer.o
 .text          0x00000000        0x0 ./Sources/accelerometer.o
 .data          0x00000000        0x0 ./Sources/accelerometer.o
 .bss           0x00000000        0x0 ./Sources/accelerometer.o
 .debug_macro   0x00000000      0x802 ./Sources/accelerometer.o
 .debug_macro   0x00000000       0x16 ./Sources/accelerometer.o
 .debug_macro   0x00000000       0x44 ./Sources/accelerometer.o
 .debug_macro   0x00000000      0x209 ./Sources/accelerometer.o
 .debug_macro   0x00000000       0x4c ./Sources/accelerometer.o
 .debug_macro   0x00000000       0x3a ./Sources/accelerometer.o
 .debug_macro   0x00000000       0x26 ./Sources/accelerometer.o
 .debug_macro   0x00000000      0x306 ./Sources/accelerometer.o
 .debug_macro   0x00000000       0x63 ./Sources/accelerometer.o
 .debug_macro   0x00000000     0x839f ./Sources/accelerometer.o
 .debug_macro   0x00000000       0x2e ./Sources/accelerometer.o
 .debug_macro   0x00000000       0xac ./Sources/accelerometer.o
 .debug_macro   0x00000000       0x1c ./Sources/accelerometer.o
 .debug_macro   0x00000000       0x10 ./Sources/accelerometer.o
 .debug_macro   0x00000000       0x1c ./Sources/accelerometer.o
 .debug_macro   0x00000000       0x1c ./Sources/accelerometer.o
 .group         0x00000000        0x8 ./Sources/ds1631.o
 .group         0x00000000        0x8 ./Sources/ds1631.o
 .group         0x00000000        0x8 ./Sources/ds1631.o
 .group         0x00000000        0x8 ./Sources/ds1631.o
 .group         0x00000000        0x8 ./Sources/ds1631.o
 .group         0x00000000        0x8 ./Sources/ds1631.o
 .group         0x00000000        0x8 ./Sources/ds1631.o
 .group         0x00000000        0x8 ./Sources/ds1631.o
 .group         0x00000000        0x8 ./Sources/ds1631.o
 .group         0x00000000        0x8 ./Sources/ds1631.o
 .group         0x00000000        0x8 ./Sources/ds1631.o
 .group         0x00000000        0x8 ./Sources/ds1631.o
 .group         0x00000000        0x8 ./Sources/ds1631.o
 .group         0x00000000        0x8 ./Sources/ds1631.o
 .group         0x00000000        0x8 ./Sources/ds1631.o
 .group         0x00000000        0x8 ./Sources/ds1631.o
 .text          0x00000000        0x0 ./Sources/ds1631.o
 .data          0x00000000        0x0 ./Sources/ds1631.o
 .bss           0x00000000        0x0 ./Sources/ds1631.o
 .debug_macro   0x00000000      0x802 ./Sources/ds1631.o
 .debug_macro   0x00000000       0x16 ./Sources/ds1631.o
 .debug_macro   0x00000000       0x44 ./Sources/ds1631.o
 .debug_macro   0x00000000      0x209 ./Sources/ds1631.o
 .debug_macro   0x00000000       0x4c ./Sources/ds1631.o
 .debug_macro   0x00000000       0x3a ./Sources/ds1631.o
 .debug_macro   0x00000000       0x26 ./Sources/ds1631.o
 .debug_macro   0x00000000      0x306 ./Sources/ds1631.o
 .debug_macro   0x00000000       0x63 ./Sources/ds1631.o
 .debug_macro   0x00000000     0x839f ./Sources/ds1631.o
 .debug_macro   0x00000000       0x2e ./Sources/ds1631.o
 .debug_macro   0x00000000       0xac ./Sources/ds1631.o
 .debug_macro   0x00000000       0x1c ./Sources/ds1631.o
 .debug_macro   0x00000000       0x10 ./Sources/ds1631.o
 .debug_macro   0x00000000       0x1c ./Sources/ds1631.o
 .debug_macro   0x00000000       0x1c ./Sources/ds1631.o
 .group         0x00000000        0x8 ./Sources/fall_calculation.o
 .group         0x00000000        0x8 ./Sources/fall_calculation.o
 .group         0x00000000        0x8 ./Sources/fall_calculation.o
 .group         0x00000000        0x8 ./Sources/fall_calculation.o
 .group         0x00000000        0x8 ./Sources/fall_calculation.o
 .group         0x00000000        0x8 ./Sources/fall_calculation.o
 .group         0x00000000        0x8 ./Sources/fall_calculation.o
 .group         0x00000000        0x8 ./Sources/fall_calculation.o
 .group         0x00000000        0x8 ./Sources/fall_calculation.o
 .group         0x00000000        0x8 ./Sources/fall_calculation.o
 .group         0x00000000        0x8 ./Sources/fall_calculation.o
 .group         0x00000000        0x8 ./Sources/fall_calculation.o
 .group         0x00000000        0x8 ./Sources/fall_calculation.o
 .group         0x00000000        0x8 ./Sources/fall_calculation.o
 .group         0x00000000        0x8 ./Sources/fall_calculation.o
 .group         0x00000000        0x8 ./Sources/fall_calculation.o
 .text          0x00000000        0x0 ./Sources/fall_calculation.o
 .data          0x00000000        0x0 ./Sources/fall_calculation.o
 .bss           0x00000000        0x0 ./Sources/fall_calculation.o
 .debug_macro   0x00000000      0x802 ./Sources/fall_calculation.o
 .debug_macro   0x00000000       0x16 ./Sources/fall_calculation.o
 .debug_macro   0x00000000       0x44 ./Sources/fall_calculation.o
 .debug_macro   0x00000000      0x209 ./Sources/fall_calculation.o
 .debug_macro   0x00000000       0x4c ./Sources/fall_calculation.o
 .debug_macro   0x00000000       0x3a ./Sources/fall_calculation.o
 .debug_macro   0x00000000       0x26 ./Sources/fall_calculation.o
 .debug_macro   0x00000000      0x306 ./Sources/fall_calculation.o
 .debug_macro   0x00000000       0x63 ./Sources/fall_calculation.o
 .debug_macro   0x00000000     0x839f ./Sources/fall_calculation.o
 .debug_macro   0x00000000       0x2e ./Sources/fall_calculation.o
 .debug_macro   0x00000000       0xac ./Sources/fall_calculation.o
 .debug_macro   0x00000000       0x1c ./Sources/fall_calculation.o
 .debug_macro   0x00000000       0x10 ./Sources/fall_calculation.o
 .debug_macro   0x00000000       0x1c ./Sources/fall_calculation.o
 .debug_macro   0x00000000       0x1c ./Sources/fall_calculation.o
 .group         0x00000000        0x8 ./Sources/led.o
 .group         0x00000000        0x8 ./Sources/led.o
 .group         0x00000000        0x8 ./Sources/led.o
 .group         0x00000000        0x8 ./Sources/led.o
 .group         0x00000000        0x8 ./Sources/led.o
 .group         0x00000000        0x8 ./Sources/led.o
 .group         0x00000000        0x8 ./Sources/led.o
 .group         0x00000000        0x8 ./Sources/led.o
 .group         0x00000000        0x8 ./Sources/led.o
 .group         0x00000000        0x8 ./Sources/led.o
 .group         0x00000000        0x8 ./Sources/led.o
 .group         0x00000000        0x8 ./Sources/led.o
 .group         0x00000000        0x8 ./Sources/led.o
 .group         0x00000000        0x8 ./Sources/led.o
 .group         0x00000000        0x8 ./Sources/led.o
 .group         0x00000000        0x8 ./Sources/led.o
 .text          0x00000000        0x0 ./Sources/led.o
 .data          0x00000000        0x0 ./Sources/led.o
 .bss           0x00000000        0x0 ./Sources/led.o
 .debug_macro   0x00000000      0x802 ./Sources/led.o
 .debug_macro   0x00000000       0x16 ./Sources/led.o
 .debug_macro   0x00000000       0x44 ./Sources/led.o
 .debug_macro   0x00000000      0x209 ./Sources/led.o
 .debug_macro   0x00000000       0x4c ./Sources/led.o
 .debug_macro   0x00000000       0x3a ./Sources/led.o
 .debug_macro   0x00000000       0x26 ./Sources/led.o
 .debug_macro   0x00000000      0x306 ./Sources/led.o
 .debug_macro   0x00000000       0x63 ./Sources/led.o
 .debug_macro   0x00000000     0x839f ./Sources/led.o
 .debug_macro   0x00000000       0x2e ./Sources/led.o
 .debug_macro   0x00000000       0xac ./Sources/led.o
 .debug_macro   0x00000000       0x1c ./Sources/led.o
 .debug_macro   0x00000000       0x10 ./Sources/led.o
 .debug_macro   0x00000000       0x1c ./Sources/led.o
 .debug_macro   0x00000000       0x1c ./Sources/led.o
 .group         0x00000000        0x8 ./Sources/logger.o
 .group         0x00000000        0x8 ./Sources/logger.o
 .group         0x00000000        0x8 ./Sources/logger.o
 .group         0x00000000        0x8 ./Sources/logger.o
 .group         0x00000000        0x8 ./Sources/logger.o
 .group         0x00000000        0x8 ./Sources/logger.o
 .group         0x00000000        0x8 ./Sources/logger.o
 .group         0x00000000        0x8 ./Sources/logger.o
 .group         0x00000000        0x8 ./Sources/logger.o
 .group         0x00000000        0x8 ./Sources/logger.o
 .group         0x00000000        0x8 ./Sources/logger.o
 .group         0x00000000        0x8 ./Sources/logger.o
 .group         0x00000000        0x8 ./Sources/logger.o
 .group         0x00000000        0x8 ./Sources/logger.o
 .group         0x00000000        0x8 ./Sources/logger.o
 .group         0x00000000        0x8 ./Sources/logger.o
 .text          0x00000000        0x0 ./Sources/logger.o
 .data          0x00000000        0x0 ./Sources/logger.o
 .bss           0x00000000        0x0 ./Sources/logger.o
 .text.LOG_1    0x00000000       0x34 ./Sources/logger.o
 .text.myAtoi   0x00000000       0xa4 ./Sources/logger.o
 .debug_macro   0x00000000      0x802 ./Sources/logger.o
 .debug_macro   0x00000000       0x16 ./Sources/logger.o
 .debug_macro   0x00000000       0x44 ./Sources/logger.o
 .debug_macro   0x00000000      0x209 ./Sources/logger.o
 .debug_macro   0x00000000       0x4c ./Sources/logger.o
 .debug_macro   0x00000000       0x3a ./Sources/logger.o
 .debug_macro   0x00000000       0x26 ./Sources/logger.o
 .debug_macro   0x00000000      0x306 ./Sources/logger.o
 .debug_macro   0x00000000       0x63 ./Sources/logger.o
 .debug_macro   0x00000000     0x839f ./Sources/logger.o
 .debug_macro   0x00000000       0x2e ./Sources/logger.o
 .debug_macro   0x00000000       0xac ./Sources/logger.o
 .debug_macro   0x00000000       0x1c ./Sources/logger.o
 .debug_macro   0x00000000       0x10 ./Sources/logger.o
 .debug_macro   0x00000000       0x1c ./Sources/logger.o
 .debug_macro   0x00000000       0x1c ./Sources/logger.o
 .group         0x00000000        0x8 ./Sources/main.o
 .group         0x00000000        0x8 ./Sources/main.o
 .group         0x00000000        0x8 ./Sources/main.o
 .group         0x00000000        0x8 ./Sources/main.o
 .group         0x00000000        0x8 ./Sources/main.o
 .group         0x00000000        0x8 ./Sources/main.o
 .group         0x00000000        0x8 ./Sources/main.o
 .group         0x00000000        0x8 ./Sources/main.o
 .group         0x00000000        0x8 ./Sources/main.o
 .group         0x00000000        0x8 ./Sources/main.o
 .group         0x00000000        0x8 ./Sources/main.o
 .group         0x00000000        0x8 ./Sources/main.o
 .group         0x00000000        0x8 ./Sources/main.o
 .group         0x00000000        0x8 ./Sources/main.o
 .group         0x00000000        0x8 ./Sources/main.o
 .group         0x00000000        0x8 ./Sources/main.o
 .text          0x00000000        0x0 ./Sources/main.o
 .data          0x00000000        0x0 ./Sources/main.o
 .bss           0x00000000        0x0 ./Sources/main.o
 .debug_macro   0x00000000      0x802 ./Sources/main.o
 .debug_macro   0x00000000       0x16 ./Sources/main.o
 .debug_macro   0x00000000       0x44 ./Sources/main.o
 .debug_macro   0x00000000      0x209 ./Sources/main.o
 .debug_macro   0x00000000       0x4c ./Sources/main.o
 .debug_macro   0x00000000       0x3a ./Sources/main.o
 .debug_macro   0x00000000       0x26 ./Sources/main.o
 .debug_macro   0x00000000      0x306 ./Sources/main.o
 .debug_macro   0x00000000       0x63 ./Sources/main.o
 .debug_macro   0x00000000     0x839f ./Sources/main.o
 .debug_macro   0x00000000       0x2e ./Sources/main.o
 .debug_macro   0x00000000       0xac ./Sources/main.o
 .debug_macro   0x00000000       0x1c ./Sources/main.o
 .debug_macro   0x00000000       0x10 ./Sources/main.o
 .debug_macro   0x00000000       0x1c ./Sources/main.o
 .debug_macro   0x00000000       0x1c ./Sources/main.o
 .group         0x00000000        0x8 ./Sources/nvic.o
 .group         0x00000000        0x8 ./Sources/nvic.o
 .group         0x00000000        0x8 ./Sources/nvic.o
 .group         0x00000000        0x8 ./Sources/nvic.o
 .group         0x00000000        0x8 ./Sources/nvic.o
 .group         0x00000000        0x8 ./Sources/nvic.o
 .group         0x00000000        0x8 ./Sources/nvic.o
 .group         0x00000000        0x8 ./Sources/nvic.o
 .group         0x00000000        0x8 ./Sources/nvic.o
 .group         0x00000000        0x8 ./Sources/nvic.o
 .group         0x00000000        0x8 ./Sources/nvic.o
 .group         0x00000000        0x8 ./Sources/nvic.o
 .group         0x00000000        0x8 ./Sources/nvic.o
 .group         0x00000000        0x8 ./Sources/nvic.o
 .group         0x00000000        0x8 ./Sources/nvic.o
 .group         0x00000000        0x8 ./Sources/nvic.o
 .text          0x00000000        0x0 ./Sources/nvic.o
 .data          0x00000000        0x0 ./Sources/nvic.o
 .bss           0x00000000        0x0 ./Sources/nvic.o
 .bss.dma_complete
                0x00000000        0x1 ./Sources/nvic.o
 .debug_macro   0x00000000      0x802 ./Sources/nvic.o
 .debug_macro   0x00000000       0x16 ./Sources/nvic.o
 .debug_macro   0x00000000       0x44 ./Sources/nvic.o
 .debug_macro   0x00000000      0x209 ./Sources/nvic.o
 .debug_macro   0x00000000       0x4c ./Sources/nvic.o
 .debug_macro   0x00000000       0x3a ./Sources/nvic.o
 .debug_macro   0x00000000       0x26 ./Sources/nvic.o
 .debug_macro   0x00000000      0x306 ./Sources/nvic.o
 .debug_macro   0x00000000       0x63 ./Sources/nvic.o
 .debug_macro   0x00000000     0x839f ./Sources/nvic.o
 .debug_macro   0x00000000       0x2e ./Sources/nvic.o
 .debug_macro   0x00000000       0xac ./Sources/nvic.o
 .debug_macro   0x00000000       0x1c ./Sources/nvic.o
 .debug_macro   0x00000000       0x10 ./Sources/nvic.o
 .debug_macro   0x00000000       0x1c ./Sources/nvic.o
 .debug_macro   0x00000000       0x1c ./Sources/nvic.o
 .group         0x00000000        0x8 ./Sources/uart.o
 .group         0x00000000        0x8 ./Sources/uart.o
 .group         0x00000000        0x8 ./Sources/uart.o
 .group         0x00000000        0x8 ./Sources/uart.o
 .group         0x00000000        0x8 ./Sources/uart.o
 .group         0x00000000        0x8 ./Sources/uart.o
 .group         0x00000000        0x8 ./Sources/uart.o
 .group         0x00000000        0x8 ./Sources/uart.o
 .group         0x00000000        0x8 ./Sources/uart.o
 .group         0x00000000        0x8 ./Sources/uart.o
 .group         0x00000000        0x8 ./Sources/uart.o
 .group         0x00000000        0x8 ./Sources/uart.o
 .group         0x00000000        0x8 ./Sources/uart.o
 .group         0x00000000        0x8 ./Sources/uart.o
 .group         0x00000000        0x8 ./Sources/uart.o
 .group         0x00000000        0x8 ./Sources/uart.o
 .text          0x00000000        0x0 ./Sources/uart.o
 .data          0x00000000        0x0 ./Sources/uart.o
 .bss           0x00000000        0x0 ./Sources/uart.o
 .debug_macro   0x00000000      0x802 ./Sources/uart.o
 .debug_macro   0x00000000       0x16 ./Sources/uart.o
 .debug_macro   0x00000000       0x44 ./Sources/uart.o
 .debug_macro   0x00000000      0x209 ./Sources/uart.o
 .debug_macro   0x00000000       0x4c ./Sources/uart.o
 .debug_macro   0x00000000       0x3a ./Sources/uart.o
 .debug_macro   0x00000000       0x26 ./Sources/uart.o
 .debug_macro   0x00000000      0x306 ./Sources/uart.o
 .debug_macro   0x00000000       0x63 ./Sources/uart.o
 .debug_macro   0x00000000     0x839f ./Sources/uart.o
 .debug_macro   0x00000000       0x2e ./Sources/uart.o
 .debug_macro   0x00000000       0xac ./Sources/uart.o
 .debug_macro   0x00000000       0x1c ./Sources/uart.o
 .debug_macro   0x00000000       0x10 ./Sources/uart.o
 .debug_macro   0x00000000       0x1c ./Sources/uart.o
 .debug_macro   0x00000000       0x1c ./Sources/uart.o
 .data          0x00000000        0x0 ./Project_Settings/Startup_Code/startup_MKL25Z4.o
 .bss           0x00000000        0x0 ./Project_Settings/Startup_Code/startup_MKL25Z4.o
 .group         0x00000000        0x8 ./Project_Settings/Startup_Code/system_MKL25Z4.o
 .group         0x00000000        0x8 ./Project_Settings/Startup_Code/system_MKL25Z4.o
 .group         0x00000000        0x8 ./Project_Settings/Startup_Code/system_MKL25Z4.o
 .group         0x00000000        0x8 ./Project_Settings/Startup_Code/system_MKL25Z4.o
 .group         0x00000000        0x8 ./Project_Settings/Startup_Code/system_MKL25Z4.o
 .group         0x00000000        0x8 ./Project_Settings/Startup_Code/system_MKL25Z4.o
 .group         0x00000000        0x8 ./Project_Settings/Startup_Code/system_MKL25Z4.o
 .group         0x00000000        0x8 ./Project_Settings/Startup_Code/system_MKL25Z4.o
 .group         0x00000000        0x8 ./Project_Settings/Startup_Code/system_MKL25Z4.o
 .group         0x00000000        0x8 ./Project_Settings/Startup_Code/system_MKL25Z4.o
 .text          0x00000000        0x0 ./Project_Settings/Startup_Code/system_MKL25Z4.o
 .data          0x00000000        0x0 ./Project_Settings/Startup_Code/system_MKL25Z4.o
 .bss           0x00000000        0x0 ./Project_Settings/Startup_Code/system_MKL25Z4.o
 .text.SystemCoreClockUpdate
                0x00000000      0x23c ./Project_Settings/Startup_Code/system_MKL25Z4.o
 .debug_macro   0x00000000      0x802 ./Project_Settings/Startup_Code/system_MKL25Z4.o
 .debug_macro   0x00000000       0x16 ./Project_Settings/Startup_Code/system_MKL25Z4.o
 .debug_macro   0x00000000       0x44 ./Project_Settings/Startup_Code/system_MKL25Z4.o
 .debug_macro   0x00000000      0x209 ./Project_Settings/Startup_Code/system_MKL25Z4.o
 .debug_macro   0x00000000       0x4c ./Project_Settings/Startup_Code/system_MKL25Z4.o
 .debug_macro   0x00000000       0x3a ./Project_Settings/Startup_Code/system_MKL25Z4.o
 .debug_macro   0x00000000       0x26 ./Project_Settings/Startup_Code/system_MKL25Z4.o
 .debug_macro   0x00000000      0x306 ./Project_Settings/Startup_Code/system_MKL25Z4.o
 .debug_macro   0x00000000       0x63 ./Project_Settings/Startup_Code/system_MKL25Z4.o
 .debug_macro   0x00000000     0x839f ./Project_Settings/Startup_Code/system_MKL25Z4.o
 .data          0x00000000        0x0 c:/freescale/kds_v3/toolchain/bin/../lib/gcc/arm-none-eabi/4.8.4/armv6-m\libgcc.a(_udivsi3.o)
 .bss           0x00000000        0x0 c:/freescale/kds_v3/toolchain/bin/../lib/gcc/arm-none-eabi/4.8.4/armv6-m\libgcc.a(_udivsi3.o)
 .data          0x00000000        0x0 c:/freescale/kds_v3/toolchain/bin/../lib/gcc/arm-none-eabi/4.8.4/armv6-m\libgcc.a(_divsi3.o)
 .bss           0x00000000        0x0 c:/freescale/kds_v3/toolchain/bin/../lib/gcc/arm-none-eabi/4.8.4/armv6-m\libgcc.a(_divsi3.o)
 .data          0x00000000        0x0 c:/freescale/kds_v3/toolchain/bin/../lib/gcc/arm-none-eabi/4.8.4/armv6-m\libgcc.a(_dvmd_tls.o)
 .bss           0x00000000        0x0 c:/freescale/kds_v3/toolchain/bin/../lib/gcc/arm-none-eabi/4.8.4/armv6-m\libgcc.a(_dvmd_tls.o)
 .data          0x00000000        0x0 c:/freescale/kds_v3/toolchain/bin/../lib/gcc/arm-none-eabi/4.8.4/armv6-m\libgcc.a(_arm_cmpsf2.o)
 .bss           0x00000000        0x0 c:/freescale/kds_v3/toolchain/bin/../lib/gcc/arm-none-eabi/4.8.4/armv6-m\libgcc.a(_arm_cmpsf2.o)
 .data          0x00000000        0x0 c:/freescale/kds_v3/toolchain/bin/../lib/gcc/arm-none-eabi/4.8.4/armv6-m\libgcc.a(addsf3.o)
 .bss           0x00000000        0x0 c:/freescale/kds_v3/toolchain/bin/../lib/gcc/arm-none-eabi/4.8.4/armv6-m\libgcc.a(addsf3.o)
 .data          0x00000000        0x0 c:/freescale/kds_v3/toolchain/bin/../lib/gcc/arm-none-eabi/4.8.4/armv6-m\libgcc.a(divsf3.o)
 .bss           0x00000000        0x0 c:/freescale/kds_v3/toolchain/bin/../lib/gcc/arm-none-eabi/4.8.4/armv6-m\libgcc.a(divsf3.o)
 .data          0x00000000        0x0 c:/freescale/kds_v3/toolchain/bin/../lib/gcc/arm-none-eabi/4.8.4/armv6-m\libgcc.a(eqsf2.o)
 .bss           0x00000000        0x0 c:/freescale/kds_v3/toolchain/bin/../lib/gcc/arm-none-eabi/4.8.4/armv6-m\libgcc.a(eqsf2.o)
 .data          0x00000000        0x0 c:/freescale/kds_v3/toolchain/bin/../lib/gcc/arm-none-eabi/4.8.4/armv6-m\libgcc.a(gesf2.o)
 .bss           0x00000000        0x0 c:/freescale/kds_v3/toolchain/bin/../lib/gcc/arm-none-eabi/4.8.4/armv6-m\libgcc.a(gesf2.o)
 .data          0x00000000        0x0 c:/freescale/kds_v3/toolchain/bin/../lib/gcc/arm-none-eabi/4.8.4/armv6-m\libgcc.a(lesf2.o)
 .bss           0x00000000        0x0 c:/freescale/kds_v3/toolchain/bin/../lib/gcc/arm-none-eabi/4.8.4/armv6-m\libgcc.a(lesf2.o)
 .data          0x00000000        0x0 c:/freescale/kds_v3/toolchain/bin/../lib/gcc/arm-none-eabi/4.8.4/armv6-m\libgcc.a(mulsf3.o)
 .bss           0x00000000        0x0 c:/freescale/kds_v3/toolchain/bin/../lib/gcc/arm-none-eabi/4.8.4/armv6-m\libgcc.a(mulsf3.o)
 .data          0x00000000        0x0 c:/freescale/kds_v3/toolchain/bin/../lib/gcc/arm-none-eabi/4.8.4/armv6-m\libgcc.a(floatsisf.o)
 .bss           0x00000000        0x0 c:/freescale/kds_v3/toolchain/bin/../lib/gcc/arm-none-eabi/4.8.4/armv6-m\libgcc.a(floatsisf.o)
 .data          0x00000000        0x0 c:/freescale/kds_v3/toolchain/bin/../lib/gcc/arm-none-eabi/4.8.4/armv6-m\libgcc.a(_clzsi2.o)
 .bss           0x00000000        0x0 c:/freescale/kds_v3/toolchain/bin/../lib/gcc/arm-none-eabi/4.8.4/armv6-m\libgcc.a(_clzsi2.o)
 .text          0x00000000        0x0 c:/freescale/kds_v3/toolchain/bin/../lib/gcc/arm-none-eabi/4.8.4/../../../../arm-none-eabi/lib/armv6-m\libg_s.a(lib_a-exit.o)
 .data          0x00000000        0x0 c:/freescale/kds_v3/toolchain/bin/../lib/gcc/arm-none-eabi/4.8.4/../../../../arm-none-eabi/lib/armv6-m\libg_s.a(lib_a-exit.o)
 .bss           0x00000000        0x0 c:/freescale/kds_v3/toolchain/bin/../lib/gcc/arm-none-eabi/4.8.4/../../../../arm-none-eabi/lib/armv6-m\libg_s.a(lib_a-exit.o)
 .text          0x00000000        0x0 c:/freescale/kds_v3/toolchain/bin/../lib/gcc/arm-none-eabi/4.8.4/../../../../arm-none-eabi/lib/armv6-m\libg_s.a(lib_a-impure.o)
 .data          0x00000000        0x0 c:/freescale/kds_v3/toolchain/bin/../lib/gcc/arm-none-eabi/4.8.4/../../../../arm-none-eabi/lib/armv6-m\libg_s.a(lib_a-impure.o)
 .bss           0x00000000        0x0 c:/freescale/kds_v3/toolchain/bin/../lib/gcc/arm-none-eabi/4.8.4/../../../../arm-none-eabi/lib/armv6-m\libg_s.a(lib_a-impure.o)
 .data._impure_ptr
                0x00000000        0x4 c:/freescale/kds_v3/toolchain/bin/../lib/gcc/arm-none-eabi/4.8.4/../../../../arm-none-eabi/lib/armv6-m\libg_s.a(lib_a-impure.o)
 .text          0x00000000        0x0 c:/freescale/kds_v3/toolchain/bin/../lib/gcc/arm-none-eabi/4.8.4/../../../../arm-none-eabi/lib/armv6-m\libg_s.a(lib_a-init.o)
 .data          0x00000000        0x0 c:/freescale/kds_v3/toolchain/bin/../lib/gcc/arm-none-eabi/4.8.4/../../../../arm-none-eabi/lib/armv6-m\libg_s.a(lib_a-init.o)
 .bss           0x00000000        0x0 c:/freescale/kds_v3/toolchain/bin/../lib/gcc/arm-none-eabi/4.8.4/../../../../arm-none-eabi/lib/armv6-m\libg_s.a(lib_a-init.o)
 .text          0x00000000        0x0 c:/freescale/kds_v3/toolchain/bin/../lib/gcc/arm-none-eabi/4.8.4/../../../../arm-none-eabi/lib/armv6-m\libg_s.a(lib_a-memset.o)
 .data          0x00000000        0x0 c:/freescale/kds_v3/toolchain/bin/../lib/gcc/arm-none-eabi/4.8.4/../../../../arm-none-eabi/lib/armv6-m\libg_s.a(lib_a-memset.o)
 .bss           0x00000000        0x0 c:/freescale/kds_v3/toolchain/bin/../lib/gcc/arm-none-eabi/4.8.4/../../../../arm-none-eabi/lib/armv6-m\libg_s.a(lib_a-memset.o)
 .text          0x00000000        0x0 c:/freescale/kds_v3/toolchain/bin/../lib/gcc/arm-none-eabi/4.8.4/../../../../arm-none-eabi/lib/armv6-m\libnosys.a(_exit.o)
 .data          0x00000000        0x0 c:/freescale/kds_v3/toolchain/bin/../lib/gcc/arm-none-eabi/4.8.4/../../../../arm-none-eabi/lib/armv6-m\libnosys.a(_exit.o)
 .bss           0x00000000        0x0 c:/freescale/kds_v3/toolchain/bin/../lib/gcc/arm-none-eabi/4.8.4/../../../../arm-none-eabi/lib/armv6-m\libnosys.a(_exit.o)
 .text          0x00000000        0x0 c:/freescale/kds_v3/toolchain/bin/../lib/gcc/arm-none-eabi/4.8.4/armv6-m/crtend.o
 .data          0x00000000        0x0 c:/freescale/kds_v3/toolchain/bin/../lib/gcc/arm-none-eabi/4.8.4/armv6-m/crtend.o
 .bss           0x00000000        0x0 c:/freescale/kds_v3/toolchain/bin/../lib/gcc/arm-none-eabi/4.8.4/armv6-m/crtend.o
 .eh_frame      0x00000000        0x4 c:/freescale/kds_v3/toolchain/bin/../lib/gcc/arm-none-eabi/4.8.4/armv6-m/crtend.o
 .text          0x00000000        0x0 c:/freescale/kds_v3/toolchain/bin/../lib/gcc/arm-none-eabi/4.8.4/armv6-m/crtn.o
 .data          0x00000000        0x0 c:/freescale/kds_v3/toolchain/bin/../lib/gcc/arm-none-eabi/4.8.4/armv6-m/crtn.o
 .bss           0x00000000        0x0 c:/freescale/kds_v3/toolchain/bin/../lib/gcc/arm-none-eabi/4.8.4/armv6-m/crtn.o

Memory Configuration

Name             Origin             Length             Attributes
m_interrupts     0x00000000         0x00000100         xr
m_flash_config   0x00000400         0x00000010         xr
m_text           0x00000410         0x0001fbf0         xr
m_data           0x1ffff000         0x00004000         rw
*default*        0x00000000         0xffffffff

Linker script and memory map

LOAD c:/freescale/kds_v3/toolchain/bin/../lib/gcc/arm-none-eabi/4.8.4/armv6-m/crti.o
LOAD c:/freescale/kds_v3/toolchain/bin/../lib/gcc/arm-none-eabi/4.8.4/armv6-m/crtbegin.o
LOAD c:/freescale/kds_v3/toolchain/bin/../lib/gcc/arm-none-eabi/4.8.4/../../../../arm-none-eabi/lib/armv6-m/crt0.o
LOAD ./Sources/I2C.o
LOAD ./Sources/accelerometer.o
LOAD ./Sources/ds1631.o
LOAD ./Sources/fall_calculation.o
LOAD ./Sources/led.o
LOAD ./Sources/logger.o
LOAD ./Sources/main.o
LOAD ./Sources/nvic.o
LOAD ./Sources/uart.o
LOAD ./Project_Settings/Startup_Code/startup_MKL25Z4.o
LOAD ./Project_Settings/Startup_Code/system_MKL25Z4.o
LOAD c:/freescale/kds_v3/toolchain/bin/../lib/gcc/arm-none-eabi/4.8.4/../../../../arm-none-eabi/lib/armv6-m\libstdc++_s.a
LOAD c:/freescale/kds_v3/toolchain/bin/../lib/gcc/arm-none-eabi/4.8.4/../../../../arm-none-eabi/lib/armv6-m\libm.a
START GROUP
LOAD c:/freescale/kds_v3/toolchain/bin/../lib/gcc/arm-none-eabi/4.8.4/armv6-m\libgcc.a
LOAD c:/freescale/kds_v3/toolchain/bin/../lib/gcc/arm-none-eabi/4.8.4/../../../../arm-none-eabi/lib/armv6-m\libg_s.a
LOAD c:/freescale/kds_v3/toolchain/bin/../lib/gcc/arm-none-eabi/4.8.4/../../../../arm-none-eabi/lib/armv6-m\libc_s.a
END GROUP
START GROUP
LOAD c:/freescale/kds_v3/toolchain/bin/../lib/gcc/arm-none-eabi/4.8.4/armv6-m\libgcc.a
LOAD c:/freescale/kds_v3/toolchain/bin/../lib/gcc/arm-none-eabi/4.8.4/../../../../arm-none-eabi/lib/armv6-m\libc_s.a
LOAD c:/freescale/kds_v3/toolchain/bin/../lib/gcc/arm-none-eabi/4.8.4/../../../../arm-none-eabi/lib/armv6-m\libnosys.a
END GROUP
START GROUP
LOAD c:/freescale/kds_v3/toolchain/bin/../lib/gcc/arm-none-eabi/4.8.4/armv6-m\libgcc.a
LOAD c:/freescale/kds_v3/toolchain/bin/../lib/gcc/arm-none-eabi/4.8.4/../../../../arm-none-eabi/lib/armv6-m\libc_s.a
LOAD c:/freescale/kds_v3/toolchain/bin/../lib/gcc/arm-none-eabi/4.8.4/../../../../arm-none-eabi/lib/armv6-m\libnosys.a
END GROUP
LOAD c:/freescale/kds_v3/toolchain/bin/../lib/gcc/arm-none-eabi/4.8.4/armv6-m/crtend.o
LOAD c:/freescale/kds_v3/toolchain/bin/../lib/gcc/arm-none-eabi/4.8.4/armv6-m/crtn.o
                0x00000400                HEAP_SIZE = DEFINED (__heap_size__)?__heap_size__:0x400
                0x00000400                STACK_SIZE = DEFINED (__stack_size__)?__stack_size__:0x400

.interrupts     0x00000000       0xc0
                0x00000000                __VECTOR_TABLE = .
                0x00000000                . = ALIGN (0x4)
 *(.isr_vector)
 .isr_vector    0x00000000       0xc0 ./Project_Settings/Startup_Code/startup_MKL25Z4.o
                0x00000000                __isr_vector
                0x000000c0                . = ALIGN (0x4)

.flash_config   0x00000400       0x10
                0x00000400                . = ALIGN (0x4)
 *(.FlashConfig)
 .FlashConfig   0x00000400       0x10 ./Project_Settings/Startup_Code/startup_MKL25Z4.o
                0x00000410                . = ALIGN (0x4)

.text           0x00000410     0x1db4
                0x00000410                . = ALIGN (0x4)
 *(.text)
 .text          0x00000410       0x60 c:/freescale/kds_v3/toolchain/bin/../lib/gcc/arm-none-eabi/4.8.4/armv6-m/crtbegin.o
 .text          0x00000470       0x78 c:/freescale/kds_v3/toolchain/bin/../lib/gcc/arm-none-eabi/4.8.4/../../../../arm-none-eabi/lib/armv6-m/crt0.o
                0x00000470                _start
                0x00000470                _mainCRTStartup
 .text          0x000004e8       0x34 ./Project_Settings/Startup_Code/startup_MKL25Z4.o
                0x000004e8                Reset_Handler
                0x00000514                HardFault_Handler
                0x00000514                SysTick_Handler
                0x00000514                PendSV_Handler
                0x00000514                NMI_Handler
                0x00000514                I2C1_IRQHandler
                0x00000514                UART1_IRQHandler
                0x00000514                DMA2_IRQHandler
                0x00000514                TPM0_IRQHandler
                0x00000514                LLWU_IRQHandler
                0x00000514                TSI0_IRQHandler
                0x00000514                ADC0_IRQHandler
                0x00000514                Reserved39_IRQHandler
                0x00000514                SPI1_IRQHandler
                0x00000514                DefaultISR
                0x00000514                PORTD_IRQHandler
                0x00000514                TPM2_IRQHandler
                0x00000514                RTC_IRQHandler
                0x00000514                I2C0_IRQHandler
                0x00000514                RTC_Seconds_IRQHandler
                0x00000514                MCG_IRQHandler
                0x00000514                UART2_IRQHandler
                0x00000514                Reserved20_IRQHandler
                0x00000514                USB0_IRQHandler
                0x00000514                PIT_IRQHandler
                0x00000514                SVC_Handler
                0x00000514                DMA3_IRQHandler
                0x00000514                DMA0_IRQHandler
                0x00000514                DAC0_IRQHandler
                0x00000514                Reserved45_IRQHandler
                0x00000514                TPM1_IRQHandler
                0x00000514                LVD_LVW_IRQHandler
                0x00000514                SPI0_IRQHandler
                0x00000514                PORTA_IRQHandler
                0x00000514                FTFA_IRQHandler
                0x00000514                LPTMR0_IRQHandler
                0x00000514                CMP0_IRQHandler
                0x00000514                DMA1_IRQHandler
 .text          0x0000051c       0x9c c:/freescale/kds_v3/toolchain/bin/../lib/gcc/arm-none-eabi/4.8.4/armv6-m\libgcc.a(_udivsi3.o)
                0x0000051c                __aeabi_uidiv
                0x0000051c                __udivsi3
                0x000005a4                __aeabi_uidivmod
 .text          0x000005b8       0xc0 c:/freescale/kds_v3/toolchain/bin/../lib/gcc/arm-none-eabi/4.8.4/armv6-m\libgcc.a(_divsi3.o)
                0x000005b8                __divsi3
                0x000005b8                __aeabi_idiv
                0x00000664                __aeabi_idivmod
 .text          0x00000678        0x4 c:/freescale/kds_v3/toolchain/bin/../lib/gcc/arm-none-eabi/4.8.4/armv6-m\libgcc.a(_dvmd_tls.o)
                0x00000678                __aeabi_idiv0
                0x00000678                __aeabi_ldiv0
 .text          0x0000067c       0x74 c:/freescale/kds_v3/toolchain/bin/../lib/gcc/arm-none-eabi/4.8.4/armv6-m\libgcc.a(_arm_cmpsf2.o)
                0x0000067c                __aeabi_cfrcmple
                0x00000684                __aeabi_cfcmpeq
                0x00000684                __aeabi_cfcmple
                0x00000694                __aeabi_fcmpeq
                0x000006a0                __aeabi_fcmplt
                0x000006b4                __aeabi_fcmple
                0x000006c8                __aeabi_fcmpgt
                0x000006dc                __aeabi_fcmpge
 .text          0x000006f0      0x2d8 c:/freescale/kds_v3/toolchain/bin/../lib/gcc/arm-none-eabi/4.8.4/armv6-m\libgcc.a(addsf3.o)
                0x000006f0                __aeabi_fadd
 .text          0x000009c8      0x24c c:/freescale/kds_v3/toolchain/bin/../lib/gcc/arm-none-eabi/4.8.4/armv6-m\libgcc.a(divsf3.o)
                0x000009c8                __aeabi_fdiv
 .text          0x00000c14       0x54 c:/freescale/kds_v3/toolchain/bin/../lib/gcc/arm-none-eabi/4.8.4/armv6-m\libgcc.a(eqsf2.o)
                0x00000c14                __eqsf2
                0x00000c14                __nesf2
 .text          0x00000c68       0x90 c:/freescale/kds_v3/toolchain/bin/../lib/gcc/arm-none-eabi/4.8.4/armv6-m\libgcc.a(gesf2.o)
                0x00000c68                __gesf2
                0x00000c68                __gtsf2
 .text          0x00000cf8       0x98 c:/freescale/kds_v3/toolchain/bin/../lib/gcc/arm-none-eabi/4.8.4/armv6-m\libgcc.a(lesf2.o)
                0x00000cf8                __ltsf2
                0x00000cf8                __lesf2
 .text          0x00000d90      0x254 c:/freescale/kds_v3/toolchain/bin/../lib/gcc/arm-none-eabi/4.8.4/armv6-m\libgcc.a(mulsf3.o)
                0x00000d90                __aeabi_fmul
 .text          0x00000fe4       0xb8 c:/freescale/kds_v3/toolchain/bin/../lib/gcc/arm-none-eabi/4.8.4/armv6-m\libgcc.a(floatsisf.o)
                0x00000fe4                __aeabi_i2f
 .text          0x0000109c       0x3c c:/freescale/kds_v3/toolchain/bin/../lib/gcc/arm-none-eabi/4.8.4/armv6-m\libgcc.a(_clzsi2.o)
                0x0000109c                __clzsi2
 *(.text*)
 .text.I2C_Wait_Temp
                0x000010d8       0x2c ./Sources/I2C.o
 .text.I2C_WaitWhileBusy
                0x00001104       0x1c ./Sources/I2C.o
 .text.I2C_SendStart
                0x00001120       0x2c ./Sources/I2C.o
 .text.I2C_EnterReceiveModeWithAck
                0x0000114c       0x1c ./Sources/I2C.o
 .text.I2C_EnterReceiveModeWithoutAck
                0x00001168       0x28 ./Sources/I2C.o
 .text.I2C_SendRepeatedStart
                0x00001190       0x1c ./Sources/I2C.o
 .text.I2C_SendStop
                0x000011ac       0x1c ./Sources/I2C.o
 .text.I2C_DisableAck
                0x000011c8       0x1c ./Sources/I2C.o
 .text.I2C_SendBlocking
                0x000011e4       0x24 ./Sources/I2C.o
 .text.I2C_ReceiverModeDriveClock
                0x00001208       0x24 ./Sources/I2C.o
 .text.I2C_Init_Temp
                0x0000122c       0x5c ./Sources/I2C.o
                0x0000122c                I2C_Init_Temp
 .text.I2C_Init_Accel
                0x00001288       0x60 ./Sources/I2C.o
                0x00001288                I2C_Init_Accel
 .text.I2C_Set_Tx_Mode
                0x000012e8       0x20 ./Sources/I2C.o
                0x000012e8                I2C_Set_Tx_Mode
 .text.I2C_Set_Rx_Mode
                0x00001308       0x20 ./Sources/I2C.o
                0x00001308                I2C_Set_Rx_Mode
 .text.I2C_Set_Slave_Mode
                0x00001328       0x20 ./Sources/I2C.o
                0x00001328                I2C_Set_Slave_Mode
 .text.I2C_Set_Master_Mode
                0x00001348       0x20 ./Sources/I2C.o
                0x00001348                I2C_Set_Master_Mode
 .text.I2C_Give_NACK
                0x00001368       0x20 ./Sources/I2C.o
                0x00001368                I2C_Give_NACK
 .text.I2C_Repeated_Start
                0x00001388       0x20 ./Sources/I2C.o
                0x00001388                I2C_Repeated_Start
 .text.I2C_Write_Byte
                0x000013a8       0x1c ./Sources/I2C.o
                0x000013a8                I2C_Write_Byte
 .text.I2C_Read_Byte
                0x000013c4       0x18 ./Sources/I2C.o
                0x000013c4                I2C_Read_Byte
 .text.I2C_Start
                0x000013dc       0x20 ./Sources/I2C.o
                0x000013dc                I2C_Start
 .text.I2C_Stop
                0x000013fc       0x20 ./Sources/I2C.o
                0x000013fc                I2C_Stop
 .text.I2C_Wait
                0x0000141c       0x30 ./Sources/I2C.o
                0x0000141c                I2C_Wait
 .text.I2C_Get_ACK
                0x0000144c       0x24 ./Sources/I2C.o
                0x0000144c                I2C_Get_ACK
 .text.I2C_ReadRegister
                0x00001470       0x58 ./Sources/I2C.o
                0x00001470                I2C_ReadRegister
 .text.I2C_WriteCommand
                0x000014c8       0x2c ./Sources/I2C.o
                0x000014c8                I2C_WriteCommand
 .text.I2C_ReadRegisters
                0x000014f4       0x24 ./Sources/I2C.o
                0x000014f4                I2C_ReadRegisters
 .text.I2C_ReadMultipleRegisters
                0x00001518       0xc4 ./Sources/I2C.o
 .text.Init_I2C_Accel
                0x000015dc       0x14 ./Sources/accelerometer.o
                0x000015dc                Init_I2C_Accel
 .text.Accel_Read_Reg
                0x000015f0       0xb4 ./Sources/accelerometer.o
                0x000015f0                Accel_Read_Reg
 .text.Accel_Write_Reg
                0x000016a4       0x88 ./Sources/accelerometer.o
                0x000016a4                Accel_Write_Reg
 .text.pause    0x0000172c       0x20 ./Sources/accelerometer.o
 .text.start_Temperature_Conversion
                0x0000174c       0x10 ./Sources/ds1631.o
                0x0000174c                start_Temperature_Conversion
 .text.convert_temperature
                0x0000175c       0xd0 ./Sources/ds1631.o
                0x0000175c                convert_temperature
 .text.read_Temperature
                0x0000182c       0x44 ./Sources/ds1631.o
                0x0000182c                read_Temperature
 .text.Accel_init
                0x00001870       0x34 ./Sources/fall_calculation.o
                0x00001870                Accel_init
 .text.Accel_Data_Read
                0x000018a4       0x74 ./Sources/fall_calculation.o
                0x000018a4                Accel_Data_Read
 .text.fall_calculation
                0x00001918       0x14 ./Sources/fall_calculation.o
                0x00001918                fall_calculation
 .text.led_init
                0x0000192c      0x110 ./Sources/led.o
                0x0000192c                led_init
 .text.LOG_0    0x00001a3c       0x54 ./Sources/logger.o
                0x00001a3c                LOG_0
 .text.LOG_2    0x00001a90       0x34 ./Sources/logger.o
                0x00001a90                LOG_2
 .text.itoa     0x00001ac4      0x148 ./Sources/logger.o
                0x00001ac4                itoa
 .text.ftoa     0x00001c0c      0x1f0 ./Sources/logger.o
                0x00001c0c                ftoa
 .text.main     0x00001dfc       0x84 ./Sources/main.o
                0x00001dfc                main
 .text.UART0_IRQHandler
                0x00001e80       0x5c ./Sources/nvic.o
                0x00001e80                UART0_IRQHandler
 .text.NVIC_EnableIRQ
                0x00001edc       0x2c ./Sources/uart.o
 .text.uart_init
                0x00001f08      0x10c ./Sources/uart.o
                0x00001f08                uart_init
 .text.SystemInit
                0x00002014       0x18 ./Project_Settings/Startup_Code/system_MKL25Z4.o
                0x00002014                SystemInit
 .text.exit     0x0000202c       0x2c c:/freescale/kds_v3/toolchain/bin/../lib/gcc/arm-none-eabi/4.8.4/../../../../arm-none-eabi/lib/armv6-m\libg_s.a(lib_a-exit.o)
                0x0000202c                exit
 .text.__libc_init_array
                0x00002058       0x4c c:/freescale/kds_v3/toolchain/bin/../lib/gcc/arm-none-eabi/4.8.4/../../../../arm-none-eabi/lib/armv6-m\libg_s.a(lib_a-init.o)
                0x00002058                __libc_init_array
 .text.memset   0x000020a4       0x10 c:/freescale/kds_v3/toolchain/bin/../lib/gcc/arm-none-eabi/4.8.4/../../../../arm-none-eabi/lib/armv6-m\libg_s.a(lib_a-memset.o)
                0x000020a4                memset
 .text._exit    0x000020b4        0x4 c:/freescale/kds_v3/toolchain/bin/../lib/gcc/arm-none-eabi/4.8.4/../../../../arm-none-eabi/lib/armv6-m\libnosys.a(_exit.o)
                0x000020b4                _exit
 *(.rodata)
 .rodata        0x000020b8       0x6c ./Sources/main.o
 .rodata        0x00002124       0x40 c:/freescale/kds_v3/toolchain/bin/../lib/gcc/arm-none-eabi/4.8.4/armv6-m\libgcc.a(divsf3.o)
 .rodata        0x00002164       0x40 c:/freescale/kds_v3/toolchain/bin/../lib/gcc/arm-none-eabi/4.8.4/armv6-m\libgcc.a(mulsf3.o)
 *(.rodata*)
 .rodata.str1.1
                0x000021a4        0x2 c:/freescale/kds_v3/toolchain/bin/../lib/gcc/arm-none-eabi/4.8.4/../../../../arm-none-eabi/lib/armv6-m\libg_s.a(lib_a-impure.o)
 *fill*         0x000021a6        0x2 
 .rodata._global_impure_ptr
                0x000021a8        0x4 c:/freescale/kds_v3/toolchain/bin/../lib/gcc/arm-none-eabi/4.8.4/../../../../arm-none-eabi/lib/armv6-m\libg_s.a(lib_a-impure.o)
                0x000021a8                _global_impure_ptr
 *(.glue_7)
 .glue_7        0x00000000        0x0 linker stubs
 *(.glue_7t)
 .glue_7t       0x00000000        0x0 linker stubs
 *(.eh_frame)
 .eh_frame      0x000021ac        0x0 c:/freescale/kds_v3/toolchain/bin/../lib/gcc/arm-none-eabi/4.8.4/armv6-m/crtbegin.o
 *(.init)
 .init          0x000021ac        0x4 c:/freescale/kds_v3/toolchain/bin/../lib/gcc/arm-none-eabi/4.8.4/armv6-m/crti.o
                0x000021ac                _init
 .init          0x000021b0        0x8 c:/freescale/kds_v3/toolchain/bin/../lib/gcc/arm-none-eabi/4.8.4/armv6-m/crtn.o
 *(.fini)
 .fini          0x000021b8        0x4 c:/freescale/kds_v3/toolchain/bin/../lib/gcc/arm-none-eabi/4.8.4/armv6-m/crti.o
                0x000021b8                _fini
 .fini          0x000021bc        0x8 c:/freescale/kds_v3/toolchain/bin/../lib/gcc/arm-none-eabi/4.8.4/armv6-m/crtn.o
                0x000021c4                . = ALIGN (0x4)

.vfp11_veneer   0x000021c4        0x0
 .vfp11_veneer  0x00000000        0x0 linker stubs

.v4_bx          0x000021c4        0x0
 .v4_bx         0x00000000        0x0 linker stubs

.iplt           0x000021c4        0x0
 .iplt          0x00000000        0x0 c:/freescale/kds_v3/toolchain/bin/../lib/gcc/arm-none-eabi/4.8.4/armv6-m/crtbegin.o

.ARM.extab
 *(.ARM.extab* .gnu.linkonce.armextab.*)

.ARM            0x000021c4        0x8
                0x000021c4                __exidx_start = .
 *(.ARM.exidx*)
 .ARM.exidx     0x000021c4        0x8 c:/freescale/kds_v3/toolchain/bin/../lib/gcc/arm-none-eabi/4.8.4/../../../../arm-none-eabi/lib/armv6-m/crt0.o
                0x000021cc                __exidx_end = .

.rel.dyn        0x000021cc        0x0
 .rel.iplt      0x00000000        0x0 c:/freescale/kds_v3/toolchain/bin/../lib/gcc/arm-none-eabi/4.8.4/armv6-m/crtbegin.o

.ctors          0x000021cc        0x0
                0x000021cc                __CTOR_LIST__ = .
 *crtbegin.o(.ctors)
 *crtbegin?.o(.ctors)
 *(EXCLUDE_FILE(*crtend.o *crtend?.o) .ctors)
 *(SORT(.ctors.*))
 *(.ctors)
                0x000021cc                __CTOR_END__ = .

.dtors          0x000021cc        0x0
                0x000021cc                __DTOR_LIST__ = .
 *crtbegin.o(.dtors)
 *crtbegin?.o(.dtors)
 *(EXCLUDE_FILE(*crtend.o *crtend?.o) .dtors)
 *(SORT(.dtors.*))
 *(.dtors)
                0x000021cc                __DTOR_END__ = .

.preinit_array  0x000021cc        0x0
                0x000021cc                PROVIDE (__preinit_array_start, .)
 *(.preinit_array*)
                0x000021cc                PROVIDE (__preinit_array_end, .)

.init_array     0x000021cc        0x4
                0x000021cc                PROVIDE (__init_array_start, .)
 *(SORT(.init_array.*))
 *(.init_array*)
 .init_array    0x000021cc        0x4 c:/freescale/kds_v3/toolchain/bin/../lib/gcc/arm-none-eabi/4.8.4/armv6-m/crtbegin.o
                0x000021d0                PROVIDE (__init_array_end, .)

.fini_array     0x000021d0        0x4
                0x000021d0                PROVIDE (__fini_array_start, .)
 *(SORT(.fini_array.*))
 *(.fini_array*)
 .fini_array    0x000021d0        0x4 c:/freescale/kds_v3/toolchain/bin/../lib/gcc/arm-none-eabi/4.8.4/armv6-m/crtbegin.o
                0x000021d4                PROVIDE (__fini_array_end, .)
                0x000021d4                __etext = .
                0x000021d4                __DATA_ROM = .

.mtb            0x1ffff000        0x0
                0x1ffff000                . = ALIGN (0x8)
                0x1ffff000                _mtb_start = .
 *(.mtb_buf)
                0x1ffff000                . = ALIGN (0x8)
                0x1ffff000                _mtb_end = .

.data           0x1ffff000       0x70 load address 0x000021d4
                0x1ffff000                . = ALIGN (0x4)
                0x1ffff000                __DATA_RAM = .
                0x1ffff000                __data_start__ = .
 *(.data)
 *(.data*)
 .data.MASK     0x1ffff000        0x2 ./Sources/ds1631.o
                0x1ffff000                MASK
 *fill*         0x1ffff002        0x2 
 .data.MUL      0x1ffff004        0x4 ./Sources/ds1631.o
                0x1ffff004                MUL
 .data.SystemCoreClock
                0x1ffff008        0x4 ./Project_Settings/Startup_Code/system_MKL25Z4.o
                0x1ffff008                SystemCoreClock
 .data.impure_data
                0x1ffff00c       0x60 c:/freescale/kds_v3/toolchain/bin/../lib/gcc/arm-none-eabi/4.8.4/../../../../arm-none-eabi/lib/armv6-m\libg_s.a(lib_a-impure.o)
 *(.jcr*)
 .jcr           0x1ffff06c        0x0 c:/freescale/kds_v3/toolchain/bin/../lib/gcc/arm-none-eabi/4.8.4/armv6-m/crtbegin.o
 .jcr           0x1ffff06c        0x4 c:/freescale/kds_v3/toolchain/bin/../lib/gcc/arm-none-eabi/4.8.4/armv6-m/crtend.o
                0x1ffff070                . = ALIGN (0x4)
                0x1ffff070                __data_end__ = .
                0x00002244                __DATA_END = (__DATA_ROM + (__data_end__ - __data_start__))

.igot.plt       0x1ffff070        0x0 load address 0x00002244
 .igot.plt      0x00000000        0x0 c:/freescale/kds_v3/toolchain/bin/../lib/gcc/arm-none-eabi/4.8.4/armv6-m/crtbegin.o

.bss            0x1ffff070       0x30 load address 0x00002244
                0x1ffff070                . = ALIGN (0x4)
                0x1ffff070                __START_BSS = .
                0x1ffff070                __bss_start__ = .
 *(.bss)
 .bss           0x1ffff070       0x1c c:/freescale/kds_v3/toolchain/bin/../lib/gcc/arm-none-eabi/4.8.4/armv6-m/crtbegin.o
 *(.bss*)
 .bss.outbuf.4855
                0x1ffff08c       0x10 ./Sources/logger.o
 .bss.rx_byte   0x1ffff09c        0x1 ./Sources/nvic.o
                0x1ffff09c                rx_byte
 *(COMMON)
 COMMON         0x1ffff09d        0x1 ./Sources/nvic.o
                0x1ffff09d                packet_byte
                0x1ffff0a0                . = ALIGN (0x4)
 *fill*         0x1ffff09e        0x2 
                0x1ffff0a0                __bss_end__ = .
                0x1ffff0a0                __END_BSS = .

.heap           0x1ffff0a0      0x400 load address 0x00002274
                0x1ffff0a0                . = ALIGN (0x8)
                0x1ffff0a0                __end__ = .
                0x1ffff0a0                PROVIDE (end, .)
                0x1ffff0a0                __HeapBase = .
                0x1ffff4a0                . = (. + HEAP_SIZE)
 *fill*         0x1ffff0a0      0x400 
                0x1ffff4a0                __HeapLimit = .

.stack          0x1ffff4a0      0x400 load address 0x00002674
                0x1ffff4a0                . = ALIGN (0x8)
                0x1ffff8a0                . = (. + STACK_SIZE)
 *fill*         0x1ffff4a0      0x400 
                0x20003000                __StackTop = (ORIGIN (m_data) + 0x4000)
                0x20002c00                __StackLimit = (__StackTop - STACK_SIZE)
                0x20003000                PROVIDE (__stack, __StackTop)

.ARM.attributes
                0x00000000       0x28
 *(.ARM.attributes)
 .ARM.attributes
                0x00000000       0x1e c:/freescale/kds_v3/toolchain/bin/../lib/gcc/arm-none-eabi/4.8.4/armv6-m/crti.o
 .ARM.attributes
                0x0000001e       0x2c c:/freescale/kds_v3/toolchain/bin/../lib/gcc/arm-none-eabi/4.8.4/armv6-m/crtbegin.o
 .ARM.attributes
                0x0000004a       0x1b c:/freescale/kds_v3/toolchain/bin/../lib/gcc/arm-none-eabi/4.8.4/../../../../arm-none-eabi/lib/armv6-m/crt0.o
 .ARM.attributes
                0x00000065       0x32 ./Sources/I2C.o
 .ARM.attributes
                0x00000097       0x32 ./Sources/accelerometer.o
 .ARM.attributes
                0x000000c9       0x32 ./Sources/ds1631.o
 .ARM.attributes
                0x000000fb       0x32 ./Sources/fall_calculation.o
 .ARM.attributes
                0x0000012d       0x32 ./Sources/led.o
 .ARM.attributes
                0x0000015f       0x32 ./Sources/logger.o
 .ARM.attributes
                0x00000191       0x32 ./Sources/main.o
 .ARM.attributes
                0x000001c3       0x32 ./Sources/nvic.o
 .ARM.attributes
                0x000001f5       0x32 ./Sources/uart.o
 .ARM.attributes
                0x00000227       0x1b ./Project_Settings/Startup_Code/startup_MKL25Z4.o
 .ARM.attributes
                0x00000242       0x32 ./Project_Settings/Startup_Code/system_MKL25Z4.o
 .ARM.attributes
                0x00000274       0x1e c:/freescale/kds_v3/toolchain/bin/../lib/gcc/arm-none-eabi/4.8.4/armv6-m\libgcc.a(_udivsi3.o)
 .ARM.attributes
                0x00000292       0x1e c:/freescale/kds_v3/toolchain/bin/../lib/gcc/arm-none-eabi/4.8.4/armv6-m\libgcc.a(_divsi3.o)
 .ARM.attributes
                0x000002b0       0x1e c:/freescale/kds_v3/toolchain/bin/../lib/gcc/arm-none-eabi/4.8.4/armv6-m\libgcc.a(_dvmd_tls.o)
 .ARM.attributes
                0x000002ce       0x1e c:/freescale/kds_v3/toolchain/bin/../lib/gcc/arm-none-eabi/4.8.4/armv6-m\libgcc.a(_arm_cmpsf2.o)
 .ARM.attributes
                0x000002ec       0x2c c:/freescale/kds_v3/toolchain/bin/../lib/gcc/arm-none-eabi/4.8.4/armv6-m\libgcc.a(addsf3.o)
 .ARM.attributes
                0x00000318       0x2c c:/freescale/kds_v3/toolchain/bin/../lib/gcc/arm-none-eabi/4.8.4/armv6-m\libgcc.a(divsf3.o)
 .ARM.attributes
                0x00000344       0x2c c:/freescale/kds_v3/toolchain/bin/../lib/gcc/arm-none-eabi/4.8.4/armv6-m\libgcc.a(eqsf2.o)
 .ARM.attributes
                0x00000370       0x2c c:/freescale/kds_v3/toolchain/bin/../lib/gcc/arm-none-eabi/4.8.4/armv6-m\libgcc.a(gesf2.o)
 .ARM.attributes
                0x0000039c       0x2c c:/freescale/kds_v3/toolchain/bin/../lib/gcc/arm-none-eabi/4.8.4/armv6-m\libgcc.a(lesf2.o)
 .ARM.attributes
                0x000003c8       0x2c c:/freescale/kds_v3/toolchain/bin/../lib/gcc/arm-none-eabi/4.8.4/armv6-m\libgcc.a(mulsf3.o)
 .ARM.attributes
                0x000003f4       0x2c c:/freescale/kds_v3/toolchain/bin/../lib/gcc/arm-none-eabi/4.8.4/armv6-m\libgcc.a(floatsisf.o)
 .ARM.attributes
                0x00000420       0x1e c:/freescale/kds_v3/toolchain/bin/../lib/gcc/arm-none-eabi/4.8.4/armv6-m\libgcc.a(_clzsi2.o)
 .ARM.attributes
                0x0000043e       0x2c c:/freescale/kds_v3/toolchain/bin/../lib/gcc/arm-none-eabi/4.8.4/../../../../arm-none-eabi/lib/armv6-m\libg_s.a(lib_a-exit.o)
 .ARM.attributes
                0x0000046a       0x2c c:/freescale/kds_v3/toolchain/bin/../lib/gcc/arm-none-eabi/4.8.4/../../../../arm-none-eabi/lib/armv6-m\libg_s.a(lib_a-impure.o)
 .ARM.attributes
                0x00000496       0x2c c:/freescale/kds_v3/toolchain/bin/../lib/gcc/arm-none-eabi/4.8.4/../../../../arm-none-eabi/lib/armv6-m\libg_s.a(lib_a-init.o)
 .ARM.attributes
                0x000004c2       0x2c c:/freescale/kds_v3/toolchain/bin/../lib/gcc/arm-none-eabi/4.8.4/../../../../arm-none-eabi/lib/armv6-m\libg_s.a(lib_a-memset.o)
 .ARM.attributes
                0x000004ee       0x2c c:/freescale/kds_v3/toolchain/bin/../lib/gcc/arm-none-eabi/4.8.4/../../../../arm-none-eabi/lib/armv6-m\libnosys.a(_exit.o)
 .ARM.attributes
                0x0000051a       0x2c c:/freescale/kds_v3/toolchain/bin/../lib/gcc/arm-none-eabi/4.8.4/armv6-m/crtend.o
 .ARM.attributes
                0x00000546       0x1e c:/freescale/kds_v3/toolchain/bin/../lib/gcc/arm-none-eabi/4.8.4/armv6-m/crtn.o
                0x00000001                ASSERT ((__StackLimit >= __HeapLimit), region m_data overflowed with stack and heap)
OUTPUT(Project4.elf elf32-littlearm)

.debug_info     0x00000000     0x243d
 .debug_info    0x00000000      0x86b ./Sources/I2C.o
 .debug_info    0x0000086b      0x1d0 ./Sources/accelerometer.o
 .debug_info    0x00000a3b      0x19d ./Sources/ds1631.o
 .debug_info    0x00000bd8      0x1d4 ./Sources/fall_calculation.o
 .debug_info    0x00000dac      0x542 ./Sources/led.o
 .debug_info    0x000012ee      0x464 ./Sources/logger.o
 .debug_info    0x00001752       0xe1 ./Sources/main.o
 .debug_info    0x00001833      0x17f ./Sources/nvic.o
 .debug_info    0x000019b2      0x61d ./Sources/uart.o
 .debug_info    0x00001fcf       0x81 ./Project_Settings/Startup_Code/startup_MKL25Z4.o
 .debug_info    0x00002050      0x3ed ./Project_Settings/Startup_Code/system_MKL25Z4.o

.debug_abbrev   0x00000000      0xa75
 .debug_abbrev  0x00000000      0x1ff ./Sources/I2C.o
 .debug_abbrev  0x000001ff      0x10a ./Sources/accelerometer.o
 .debug_abbrev  0x00000309       0xcf ./Sources/ds1631.o
 .debug_abbrev  0x000003d8       0xf5 ./Sources/fall_calculation.o
 .debug_abbrev  0x000004cd       0xcf ./Sources/led.o
 .debug_abbrev  0x0000059c      0x157 ./Sources/logger.o
 .debug_abbrev  0x000006f3       0x84 ./Sources/main.o
 .debug_abbrev  0x00000777       0x93 ./Sources/nvic.o
 .debug_abbrev  0x0000080a      0x14e ./Sources/uart.o
 .debug_abbrev  0x00000958       0x14 ./Project_Settings/Startup_Code/startup_MKL25Z4.o
 .debug_abbrev  0x0000096c      0x109 ./Project_Settings/Startup_Code/system_MKL25Z4.o

.debug_aranges  0x00000000      0x2c0
 .debug_aranges
                0x00000000      0x110 ./Sources/I2C.o
 .debug_aranges
                0x00000110       0x38 ./Sources/accelerometer.o
 .debug_aranges
                0x00000148       0x30 ./Sources/ds1631.o
 .debug_aranges
                0x00000178       0x30 ./Sources/fall_calculation.o
 .debug_aranges
                0x000001a8       0x20 ./Sources/led.o
 .debug_aranges
                0x000001c8       0x48 ./Sources/logger.o
 .debug_aranges
                0x00000210       0x20 ./Sources/main.o
 .debug_aranges
                0x00000230       0x20 ./Sources/nvic.o
 .debug_aranges
                0x00000250       0x28 ./Sources/uart.o
 .debug_aranges
                0x00000278       0x20 ./Project_Settings/Startup_Code/startup_MKL25Z4.o
 .debug_aranges
                0x00000298       0x28 ./Project_Settings/Startup_Code/system_MKL25Z4.o

.debug_ranges   0x00000000      0x200
 .debug_ranges  0x00000000      0x100 ./Sources/I2C.o
 .debug_ranges  0x00000100       0x28 ./Sources/accelerometer.o
 .debug_ranges  0x00000128       0x20 ./Sources/ds1631.o
 .debug_ranges  0x00000148       0x20 ./Sources/fall_calculation.o
 .debug_ranges  0x00000168       0x10 ./Sources/led.o
 .debug_ranges  0x00000178       0x38 ./Sources/logger.o
 .debug_ranges  0x000001b0       0x10 ./Sources/main.o
 .debug_ranges  0x000001c0       0x10 ./Sources/nvic.o
 .debug_ranges  0x000001d0       0x18 ./Sources/uart.o
 .debug_ranges  0x000001e8       0x18 ./Project_Settings/Startup_Code/system_MKL25Z4.o

.debug_macro    0x00000000     0x9bcd
 .debug_macro   0x00000000       0xe2 ./Sources/I2C.o
 .debug_macro   0x000000e2      0x802 ./Sources/I2C.o
 .debug_macro   0x000008e4       0x16 ./Sources/I2C.o
 .debug_macro   0x000008fa       0x44 ./Sources/I2C.o
 .debug_macro   0x0000093e      0x209 ./Sources/I2C.o
 .debug_macro   0x00000b47       0x4c ./Sources/I2C.o
 .debug_macro   0x00000b93       0x3a ./Sources/I2C.o
 .debug_macro   0x00000bcd       0x26 ./Sources/I2C.o
 .debug_macro   0x00000bf3      0x306 ./Sources/I2C.o
 .debug_macro   0x00000ef9       0x63 ./Sources/I2C.o
 .debug_macro   0x00000f5c     0x839f ./Sources/I2C.o
 .debug_macro   0x000092fb       0x2e ./Sources/I2C.o
 .debug_macro   0x00009329       0xac ./Sources/I2C.o
 .debug_macro   0x000093d5       0x1c ./Sources/I2C.o
 .debug_macro   0x000093f1       0x10 ./Sources/I2C.o
 .debug_macro   0x00009401       0x1c ./Sources/I2C.o
 .debug_macro   0x0000941d       0x1c ./Sources/I2C.o
 .debug_macro   0x00009439       0xe2 ./Sources/accelerometer.o
 .debug_macro   0x0000951b       0xe8 ./Sources/ds1631.o
 .debug_macro   0x00009603       0xe2 ./Sources/fall_calculation.o
 .debug_macro   0x000096e5       0xe2 ./Sources/led.o
 .debug_macro   0x000097c7       0xe2 ./Sources/logger.o
 .debug_macro   0x000098a9       0xe2 ./Sources/main.o
 .debug_macro   0x0000998b       0xe2 ./Sources/nvic.o
 .debug_macro   0x00009a6d       0xe2 ./Sources/uart.o
 .debug_macro   0x00009b4f       0x7e ./Project_Settings/Startup_Code/system_MKL25Z4.o

.debug_line     0x00000000     0x1ba6
 .debug_line    0x00000000      0x4d5 ./Sources/I2C.o
 .debug_line    0x000004d5      0x29f ./Sources/accelerometer.o
 .debug_line    0x00000774      0x28b ./Sources/ds1631.o
 .debug_line    0x000009ff      0x277 ./Sources/fall_calculation.o
 .debug_line    0x00000c76      0x24c ./Sources/led.o
 .debug_line    0x00000ec2      0x340 ./Sources/logger.o
 .debug_line    0x00001202      0x246 ./Sources/main.o
 .debug_line    0x00001448      0x246 ./Sources/nvic.o
 .debug_line    0x0000168e      0x25d ./Sources/uart.o
 .debug_line    0x000018eb       0x7b ./Project_Settings/Startup_Code/startup_MKL25Z4.o
 .debug_line    0x00001966      0x240 ./Project_Settings/Startup_Code/system_MKL25Z4.o

.debug_str      0x00000000    0x327c9
 .debug_str     0x00000000    0x32268 ./Sources/I2C.o
                              0x3267c (size before relaxing)
 .debug_str     0x00032268       0x54 ./Sources/accelerometer.o
                              0x3232f (size before relaxing)
 .debug_str     0x000322bc       0xa8 ./Sources/ds1631.o
                              0x32389 (size before relaxing)
 .debug_str     0x00032364       0x6d ./Sources/fall_calculation.o
                              0x32358 (size before relaxing)
 .debug_str     0x000323d1       0x57 ./Sources/led.o
                              0x3243b (size before relaxing)
 .debug_str     0x00032428       0xac ./Sources/logger.o
                              0x323b1 (size before relaxing)
 .debug_str     0x000324d4       0x17 ./Sources/main.o
                              0x322f5 (size before relaxing)
 .debug_str     0x000324eb       0x44 ./Sources/nvic.o
                              0x3230b (size before relaxing)
 .debug_str     0x0003252f      0x233 ./Sources/uart.o
                              0x3262c (size before relaxing)
 .debug_str     0x00032762       0x67 ./Project_Settings/Startup_Code/system_MKL25Z4.o
                              0x31eff (size before relaxing)

.comment        0x00000000       0x70
 .comment       0x00000000       0x70 ./Sources/I2C.o
                                 0x71 (size before relaxing)
 .comment       0x00000000       0x71 ./Sources/accelerometer.o
 .comment       0x00000000       0x71 ./Sources/ds1631.o
 .comment       0x00000000       0x71 ./Sources/fall_calculation.o
 .comment       0x00000000       0x71 ./Sources/led.o
 .comment       0x00000000       0x71 ./Sources/logger.o
 .comment       0x00000000       0x71 ./Sources/main.o
 .comment       0x00000000       0x71 ./Sources/nvic.o
 .comment       0x00000000       0x71 ./Sources/uart.o
 .comment       0x00000000       0x71 ./Project_Settings/Startup_Code/system_MKL25Z4.o

.debug_frame    0x00000000      0x954
 .debug_frame   0x00000000      0x3d0 ./Sources/I2C.o
 .debug_frame   0x000003d0       0x8c ./Sources/accelerometer.o
 .debug_frame   0x0000045c       0x6c ./Sources/ds1631.o
 .debug_frame   0x000004c8       0x64 ./Sources/fall_calculation.o
 .debug_frame   0x0000052c       0x2c ./Sources/led.o
 .debug_frame   0x00000558       0xd0 ./Sources/logger.o
 .debug_frame   0x00000628       0x30 ./Sources/main.o
 .debug_frame   0x00000658       0x2c ./Sources/nvic.o
 .debug_frame   0x00000684       0x50 ./Sources/uart.o
 .debug_frame   0x000006d4       0x4c ./Project_Settings/Startup_Code/system_MKL25Z4.o
 .debug_frame   0x00000720       0x20 c:/freescale/kds_v3/toolchain/bin/../lib/gcc/arm-none-eabi/4.8.4/armv6-m\libgcc.a(_udivsi3.o)
 .debug_frame   0x00000740       0x20 c:/freescale/kds_v3/toolchain/bin/../lib/gcc/arm-none-eabi/4.8.4/armv6-m\libgcc.a(_divsi3.o)
 .debug_frame   0x00000760       0x30 c:/freescale/kds_v3/toolchain/bin/../lib/gcc/arm-none-eabi/4.8.4/armv6-m\libgcc.a(addsf3.o)
 .debug_frame   0x00000790       0x3c c:/freescale/kds_v3/toolchain/bin/../lib/gcc/arm-none-eabi/4.8.4/armv6-m\libgcc.a(divsf3.o)
 .debug_frame   0x000007cc       0x2c c:/freescale/kds_v3/toolchain/bin/../lib/gcc/arm-none-eabi/4.8.4/armv6-m\libgcc.a(eqsf2.o)
 .debug_frame   0x000007f8       0x30 c:/freescale/kds_v3/toolchain/bin/../lib/gcc/arm-none-eabi/4.8.4/armv6-m\libgcc.a(gesf2.o)
 .debug_frame   0x00000828       0x30 c:/freescale/kds_v3/toolchain/bin/../lib/gcc/arm-none-eabi/4.8.4/armv6-m\libgcc.a(lesf2.o)
 .debug_frame   0x00000858       0x3c c:/freescale/kds_v3/toolchain/bin/../lib/gcc/arm-none-eabi/4.8.4/armv6-m\libgcc.a(mulsf3.o)
 .debug_frame   0x00000894       0x2c c:/freescale/kds_v3/toolchain/bin/../lib/gcc/arm-none-eabi/4.8.4/armv6-m\libgcc.a(floatsisf.o)
 .debug_frame   0x000008c0       0x28 c:/freescale/kds_v3/toolchain/bin/../lib/gcc/arm-none-eabi/4.8.4/../../../../arm-none-eabi/lib/armv6-m\libg_s.a(lib_a-exit.o)
 .debug_frame   0x000008e8       0x2c c:/freescale/kds_v3/toolchain/bin/../lib/gcc/arm-none-eabi/4.8.4/../../../../arm-none-eabi/lib/armv6-m\libg_s.a(lib_a-init.o)
 .debug_frame   0x00000914       0x20 c:/freescale/kds_v3/toolchain/bin/../lib/gcc/arm-none-eabi/4.8.4/../../../../arm-none-eabi/lib/armv6-m\libg_s.a(lib_a-memset.o)
 .debug_frame   0x00000934       0x20 c:/freescale/kds_v3/toolchain/bin/../lib/gcc/arm-none-eabi/4.8.4/../../../../arm-none-eabi/lib/armv6-m\libnosys.a(_exit.o)
